r01-assignment-only-s1 completed known EUR 0.02260542799331397906219758952
r01-bootstrap-s1 completed known EUR 0.05414314242984076713292865313
r01-bootstrap-s2 completed known EUR 0.09332850356294536817102137765
r01-bootstrap-s3 completed known EUR 0.1343499516143221606404504267
r01-bootstrap-s4 completed known EUR 0.1591030263042139526700096771
r01-lecture-maintenance-s1 completed known EUR 0.1618762910178587138207090701
r01-mixed-s1 completed known EUR 0.1835564352951526348200932523
r01-maintained-s1 completed known EUR 0.1964362628661916072842438637
r01-single-exercise-s1 completed known EUR 0.2016808920559514383742412245
r02-assignment-only-s1 completed known EUR 0.2202940793525116565496613001
r02-single-exercise-s1 completed known EUR 0.2246542623383478490366851411
r02-mixed-s1 completed known EUR 0.2423213248878332013723937714
r02-maintained-s1 completed known EUR 0.2598225653206650831353919238
r02-lecture-maintenance-s1 completed known EUR 0.2655742324272015483416908594
r02-bootstrap-s1 completed known EUR 0.2963672824843846221518430539
r02-bootstrap-s2 completed known EUR 0.3433422714876396586610363322
r02-bootstrap-s3 completed known EUR 0.3807948359285651447171637184
r02-bootstrap-s4 completed known EUR 0.4043476027095979590041347751
r03-single-exercise-s1 completed known EUR 0.4082936394827131169173924507
r03-maintained-s1 completed known EUR 0.4236484824491950382686724720
r03-lecture-maintenance-s1 completed known EUR 0.4256980117885106008621448042
r03-assignment-only-s1 completed known EUR 0.4497369666578692706958740206
r03-bootstrap-s1 completed known EUR 0.4758270168030263042139526691
r03-bootstrap-s2 completed known EUR 0.5108355414797220022873229515
r03-bootstrap-s3 completed known EUR 0.5494922318993577900941321360
r03-bootstrap-s4 completed known EUR 0.5770138822908419107944048554
r03-mixed-s1 completed known EUR 0.5958571214920383566464326553
r04-assignment-only-s1 completed known EUR 0.6116296120348376880443388751
r04-lecture-maintenance-s1 completed known EUR 0.6171219934899269816134424205
r04-maintained-s1 completed known EUR 0.6308930676519750153954429483
r04-single-exercise-s1 completed known EUR 0.6350306677223541831617841113
r04-bootstrap-s1 completed known EUR 0.6594993401953021905515967267
r04-bootstrap-s2 completed known EUR 0.6949569631389108823788158698
r04-bootstrap-s3 completed known EUR 0.7234361397026480161872085855
r04-bootstrap-s4 completed known EUR 0.7499061141901997008885369923
r04-mixed-s1 completed known EUR 0.7747643001671505234450602616
r05-assignment-only-s1 completed known EUR 0.7949113926277821764757631735
r05-lecture-maintenance-s1 completed known EUR 0.8004800211137503299023489042
r05-single-exercise-s1 completed known EUR 0.8041456320929005014515703347
r05-bootstrap-s1 completed known EUR 0.8305693498724377584235066415
r05-bootstrap-s2 completed known EUR 0.8676962699041083839183601648
r05-bootstrap-s3 completed known EUR 0.9089450690595583707222662090
r05-bootstrap-s4 completed known EUR 0.9300968065452626022697281601
r05-mixed-s1 completed known EUR 0.9479290402040995865223893724
r05-maintained-s1 completed known EUR 0.9615308788598574821852731588
r06-maintained-s1 completed known EUR 0.9671754992522213424826251426
r06-single-exercise-s1 completed known EUR 0.9698930852467669569807337025
r06-mixed-s1 completed known EUR 0.9894963050936922670889416728
r06-lecture-maintenance-s1 completed known EUR 0.9919359109703527755784287846
r06-bootstrap-s1 completed known EUR 1.015907592152722794052960320
r06-bootstrap-s2 completed known EUR 1.062843291985572270607900055
r06-bootstrap-s3 completed known EUR 1.103949379783584059118500917
r06-bootstrap-s4 completed known EUR 1.130321562417524412773818939
formal exit 0
