r06-assignment-only-s1 completed known EUR 1.148545632092900501451570327
r07-assignment-only-s1 completed known EUR 1.163662813407231459487991546
r07-lecture-maintenance-s1 completed known EUR 1.173344303686108911762118404
r07-maintained-s1 completed known EUR 1.187850505850268320577109167
r07-mixed-s1 completed known EUR 1.208195152634820093252397283
r07-single-exercise-s1 completed known EUR 1.213797439957772499340195296
r07-bootstrap-s1 completed known EUR 1.238751966217999472156241746
r07-bootstrap-s2 completed known EUR 1.274325222134248262514295762
r07-bootstrap-s3 completed known EUR 1.308731960939561889680654521
r07-bootstrap-s4 completed known EUR 1.332724439166006861968857212
r08-lecture-maintenance-s1 completed known EUR 1.339107917656373713380839268
r08-assignment-only-s1 completed known EUR 1.354318923198733174980205857
r08-mixed-s1 completed known EUR 1.376850435471100554235946157
r08-bootstrap-s1 completed known EUR 1.400314981965338259875076976
r08-bootstrap-s2 completed known EUR 1.437145966393947391572094660
r08-bootstrap-s3 completed known EUR 1.469213591976774874637107418
r08-bootstrap-s4 completed known EUR 1.493146731767396850532242459
r08-maintained-s1 completed known EUR 1.506050145157033518078648723
r08-single-exercise-s1 completed known EUR 1.511016565496613002551244835
r09-mixed-s1 completed known EUR 1.530414744435647048473651803
r09-bootstrap-s1 completed known EUR 1.555119767748746371074162052
r09-bootstrap-s2 completed known EUR 1.602328943432743907803290230
r09-bootstrap-s3 completed known EUR 1.639811691739245183425705997
r09-bootstrap-s4 completed known EUR 1.669702779977126770475939129
r09-lecture-maintenance-s1 completed known EUR 1.673929612034837688044338881
r09-single-exercise-s1 completed known EUR 1.679927403888449019090349261
r09-maintained-s1 completed known EUR 1.693179713204891352159760716
r09-assignment-only-s1 completed known EUR 1.708741989970968593296384276
r10-assignment-only-s1 completed known EUR 1.725916143221606404504266743
r10-maintained-s1 completed known EUR 1.738729796780153074689891799
r10-lecture-maintenance-s1 completed known EUR 1.742997598310899973607812094
r10-bootstrap-s1 completed known EUR 1.771762813407231459487991562
r10-bootstrap-s2 completed known EUR 1.811356752001407583355326831
r10-bootstrap-s3 completed known EUR 1.851472930412597871030175076
r10-bootstrap-s4 completed known EUR 1.881458898566024456760798811
r10-single-exercise-s1 completed known EUR 1.884549432567959883874373193
r10-mixed-s1 completed known EUR 1.907938708542271487639658669
resume exit 0
