Seeded r01-assignment-only (1 courses)
Seeded r01-bootstrap (2 courses)
Seeded r01-lecture-maintenance (3 courses)
Seeded r01-mixed (4 courses)
Seeded r01-maintained (5 courses)
Seeded r01-single-exercise (6 courses)
Seeded r02-assignment-only (7 courses)
Seeded r02-single-exercise (8 courses)
Seeded r02-mixed (9 courses)
Seeded r02-maintained (10 courses)
Seeded r02-lecture-maintenance (11 courses)
Seeded r02-bootstrap (12 courses)
Seeded r03-single-exercise (13 courses)
Seeded r03-maintained (14 courses)
Seeded r03-lecture-maintenance (15 courses)
Seeded r03-assignment-only (16 courses)
Seeded r03-bootstrap (17 courses)
Seeded r03-mixed (18 courses)
Seeded r04-assignment-only (19 courses)
Seeded r04-lecture-maintenance (20 courses)
Seeded r04-maintained (21 courses)
Seeded r04-single-exercise (22 courses)
Seeded r04-bootstrap (23 courses)
Seeded r04-mixed (24 courses)
Seeded r05-assignment-only (25 courses)
Seeded r05-lecture-maintenance (26 courses)
Seeded r05-single-exercise (27 courses)
Seeded r05-bootstrap (28 courses)
Seeded r05-mixed (29 courses)
Seeded r05-maintained (30 courses)
Seeded r06-maintained (31 courses)
Seeded r06-single-exercise (32 courses)
Seeded r06-mixed (33 courses)
Seeded r06-lecture-maintenance (34 courses)
Seeded r06-bootstrap (35 courses)
Seeded r06-assignment-only (36 courses)
Seeded r07-assignment-only (37 courses)
Seeded r07-lecture-maintenance (38 courses)
Seeded r07-maintained (39 courses)
Seeded r07-mixed (40 courses)
Seeded r07-single-exercise (41 courses)
Seeded r07-bootstrap (42 courses)
Seeded r08-lecture-maintenance (43 courses)
Seeded r08-assignment-only (44 courses)
Seeded r08-mixed (45 courses)
Seeded r08-bootstrap (46 courses)
Seeded r08-maintained (47 courses)
Seeded r08-single-exercise (48 courses)
Seeded r09-mixed (49 courses)
Seeded r09-bootstrap (50 courses)
Seeded r09-lecture-maintenance (51 courses)
Seeded r09-single-exercise (52 courses)
Seeded r09-maintained (53 courses)
Seeded r09-assignment-only (54 courses)
Seeded r10-assignment-only (55 courses)
Seeded r10-maintained (56 courses)
Seeded r10-lecture-maintenance (57 courses)
Seeded r10-bootstrap (58 courses)
Seeded r10-single-exercise (59 courses)
Seeded r10-mixed (60 courses)
seed exit 0
