r01-assignment-only-s1 completed known EUR 0.02127608867775138558986539987
r01-bootstrap-s1 completed known EUR 0.05006869886513591976774874641
r01-bootstrap-s2 completed known EUR 0.09883461775314506905955837075
r01-bootstrap-s3 completed known EUR 0.1352098970704671417260490896
r01-bootstrap-s4 completed known EUR 0.1582619512624263218087446118
r01-lecture-maintenance-s1 completed known EUR 0.1610127650215536201284419815
r01-mixed-s1 completed known EUR 0.1800431952142165918888009152
r01-maintained-s1 completed known EUR 0.1977961203483768804433887573
r01-single-exercise-s1 completed known EUR 0.2006392891704055599542535414
r02-assignment-only-s1 completed known EUR 0.2158288026744083751209641949
r02-single-exercise-s1 completed known EUR 0.2200779889152810768012668252
r02-mixed-s1 completed known EUR 0.2419460367731151579132576760
r02-maintained-s1 completed known EUR 0.2539059118500923726576933230
r02-lecture-maintenance-s1 completed known EUR 0.2599295064660860385325943523
r02-bootstrap-s1 completed known EUR 0.2802986539984164687252573240
r02-bootstrap-s2 completed known EUR 0.3179741004662619864520102052
r02-bootstrap-s3 completed known EUR 0.3547133984340635171989091227
r02-bootstrap-s4 completed known EUR 0.3811601917832321632796692179
r03-single-exercise-s1 completed known EUR 0.3848139878595935603061493800
r03-maintained-s1 completed known EUR 0.3927303510160992346265505411
r03-lecture-maintenance-s1 completed known EUR 0.3950066068443740652766781033
r03-assignment-only-s1 completed known EUR 0.4119179906747602709597959006
r03-bootstrap-s1 completed known EUR 0.4403898741972376176651711093
r03-bootstrap-s2 completed known EUR 0.4713491422538928477170757454
r03-bootstrap-s3 completed known EUR 0.5092106888361045130641330165
r03-bootstrap-s4 completed known EUR 0.5309469165127122371777953724
r03-mixed-s1 completed known EUR 0.5516850620216415940881499074
r04-assignment-only-s1 completed known EUR 0.5687050936922670889416732645
r04-lecture-maintenance-s1 completed known EUR 0.5731730183865575789566288376
r04-maintained-s1 completed known EUR 0.5885328758687428521157737310
r04-single-exercise-s1 completed known EUR 0.5908839271575613618368962788
r04-bootstrap-s1 completed known EUR 0.6203841998768364564089029648
r04-bootstrap-s2 completed known EUR 0.6614431336324447963402832761
r04-bootstrap-s3 completed known EUR 0.7008029383302542447435559073
r04-bootstrap-s4 completed known EUR 0.7263429928741092636579572443
r04-mixed-s1 completed known EUR 0.7468527139966569895310987942
r05-assignment-only-s1 completed known EUR 0.7645467405647928213248878326
r05-lecture-maintenance-s1 completed known EUR 0.7697503211049529339315562586
r05-single-exercise-s1 completed known EUR 0.7717835224773467053752089374
r05-bootstrap-s1 completed known EUR 0.7959326647312395530922846831
r05-bootstrap-s2 completed known EUR 0.8495693586698337292161520184
r05-bootstrap-s3 completed known EUR 0.8900856162575877540248086556
r05-bootstrap-s4 completed known EUR 0.9120023577021201724289610267
r05-mixed-s1 completed known EUR 0.9320426233834784903668514111
r05-maintained-s1 completed known EUR 0.9385829066596287498900325493
r06-maintained-s1 completed known EUR 0.9449204099586522389372745654
r06-single-exercise-s1 completed known EUR 0.9475182282044514823612210773
r06-mixed-s1 completed known EUR 0.9715372393771443652678807058
r06-lecture-maintenance-s1 completed known EUR 0.9737357438198293305181666212
r06-bootstrap-s1 completed known EUR 1.002833350928125274918624086
r06-bootstrap-s2 completed known EUR 1.050110064220990586786311249
r06-bootstrap-s3 completed known EUR 1.085049863640362452713996656
r06-bootstrap-s4 completed known EUR 1.107548394475235330342218701
r06-assignment-only-s1 completed known EUR 1.124619345473739773027183950
r07-assignment-only-s1 completed known EUR 1.145146036773115157913257671
r07-lecture-maintenance-s1 completed known EUR 1.151319697369578604732999028
r07-maintained-s1 completed known EUR 1.162589610275358493885809795
r07-mixed-s1 completed known EUR 1.184242658573062373537432915
r07-single-exercise-s1 completed known EUR 1.188536852291721650391484116
r07-bootstrap-s1 completed known EUR 1.216902586434415413037740822
r07-bootstrap-s2 completed known EUR 1.253800651007301838655757889
r07-bootstrap-s3 completed known EUR 1.286524615113926277821764748
r07-bootstrap-s4 completed known EUR 1.307632673528635523884930051
r08-lecture-maintenance-s1 completed known EUR 1.314502771179730799683293737
r08-assignment-only-s1 completed known EUR 1.340089601477962523093164416
r08-mixed-s1 completed known EUR 1.359904240344857922055071689
r08-bootstrap-s1 completed known EUR 1.386624395179027008005630324
r08-bootstrap-s2 completed known EUR 1.428003774082871470044866713
r08-bootstrap-s3 completed known EUR 1.465966103633324535937362533
r08-bootstrap-s4 completed known EUR 1.489890648368083047417964274
r08-maintained-s1 completed known EUR 1.496616248790358054016011253
r08-single-exercise-s1 completed known EUR 1.502039649863640362452713990
r09-mixed-s1 completed known EUR 1.525065742940089733438902078
r09-bootstrap-s1 completed known EUR 1.553622899621711973255916243
r09-bootstrap-s2 completed known EUR 1.588888123515439429928741085
r09-bootstrap-s3 completed known EUR 1.623126629717603589337556073
r09-bootstrap-s4 completed known EUR 1.645625380487375736781912540
r09-lecture-maintenance-s1 completed known EUR 1.647997563121316090437230565
r09-single-exercise-s1 completed known EUR 1.653888246678983021025776356
r09-maintained-s1 completed known EUR 1.666744532418404152370898199
r09-assignment-only-s1 completed known EUR 1.687908401513152106976334991
r10-assignment-only-s1 completed known EUR 1.708669059558370722266209187
r10-maintained-s1 completed known EUR 1.725206642033957948447259594
r10-lecture-maintenance-s1 completed known EUR 1.729665866103633324535937346
r10-bootstrap-s1 completed known EUR 1.753068962787015043547110040
r10-bootstrap-s2 completed known EUR 1.792066059646344681974135641
r10-bootstrap-s3 completed known EUR 1.830125186944664379343714245
r10-bootstrap-s4 completed known EUR 1.860341039852203747690683542
r10-single-exercise-s1 completed known EUR 1.864056364915984868478930221
r10-mixed-s1 completed known EUR 1.881407345825635611858889752
formal exit 0
